INFO:__main__:Starting Translation WebSocket server on 0.0.0.0:8767
INFO:redis_client:Redis connected: localhost:6379
INFO:websockets.server:server listening on 0.0.0.0:8767
INFO:__main__:Subscribed to Redis pattern: room:*:translation
INFO:websockets.server:connection open
INFO:__main__:Client disconnected from room None
INFO:websockets.server:connection closed
INFO:websockets.server:connection open
INFO:__main__:Client joined room QIZmiOcQzwWQRVWu2Hmu. Total: 1
INFO:__main__:Broadcasting to 1 clients in room QIZmiOcQzwWQRVWu2Hmu
INFO:__main__:Broadcasting to 1 clients in room QIZmiOcQzwWQRVWu2Hmu
INFO:__main__:Broadcasting to 1 clients in room QIZmiOcQzwWQRVWu2Hmu
INFO:__main__:Broadcasting to 1 clients in room QIZmiOcQzwWQRVWu2Hmu
INFO:__main__:Broadcasting to 1 clients in room QIZmiOcQzwWQRVWu2Hmu
INFO:__main__:Broadcasting to 1 clients in room QIZmiOcQzwWQRVWu2Hmu
INFO:__main__:Broadcasting to 1 clients in room QIZmiOcQzwWQRVWu2Hmu
INFO:__main__:Broadcasting to 1 clients in room QIZmiOcQzwWQRVWu2Hmu
INFO:__main__:Broadcasting to 1 clients in room QIZmiOcQzwWQRVWu2Hmu
INFO:__main__:Broadcasting to 1 clients in room QIZmiOcQzwWQRVWu2Hmu
INFO:__main__:Broadcasting to 1 clients in room QIZmiOcQzwWQRVWu2Hmu
INFO:__main__:Broadcasting to 1 clients in room QIZmiOcQzwWQRVWu2Hmu
INFO:__main__:Broadcasting to 1 clients in room QIZmiOcQzwWQRVWu2Hmu
INFO:__main__:Broadcasting to 1 clients in room QIZmiOcQzwWQRVWu2Hmu
INFO:__main__:Broadcasting to 1 clients in room QIZmiOcQzwWQRVWu2Hmu
INFO:__main__:Broadcasting to 1 clients in room QIZmiOcQzwWQRVWu2Hmu
INFO:__main__:Client removed from room QIZmiOcQzwWQRVWu2Hmu
INFO:websockets.server:connection closed
INFO:websockets.server:connection open
INFO:__main__:Client joined room QIZmiOcQzwWQRVWu2Hmu. Total: 1
INFO:__main__:Broadcasting to 1 clients in room QIZmiOcQzwWQRVWu2Hmu
INFO:__main__:Broadcasting to 1 clients in room QIZmiOcQzwWQRVWu2Hmu
INFO:__main__:Broadcasting to 1 clients in room QIZmiOcQzwWQRVWu2Hmu
INFO:__main__:Broadcasting to 1 clients in room QIZmiOcQzwWQRVWu2Hmu
INFO:__main__:Broadcasting to 1 clients in room QIZmiOcQzwWQRVWu2Hmu
INFO:__main__:Broadcasting to 1 clients in room QIZmiOcQzwWQRVWu2Hmu
INFO:__main__:Broadcasting to 1 clients in room QIZmiOcQzwWQRVWu2Hmu
INFO:__main__:Broadcasting to 1 clients in room QIZmiOcQzwWQRVWu2Hmu
INFO:__main__:Broadcasting to 1 clients in room QIZmiOcQzwWQRVWu2Hmu
INFO:__main__:Broadcasting to 1 clients in room QIZmiOcQzwWQRVWu2Hmu
INFO:__main__:Broadcasting to 1 clients in room QIZmiOcQzwWQRVWu2Hmu
INFO:__main__:Broadcasting to 1 clients in room QIZmiOcQzwWQRVWu2Hmu
INFO:__main__:Broadcasting to 1 clients in room QIZmiOcQzwWQRVWu2Hmu
INFO:__main__:Broadcasting to 1 clients in room QIZmiOcQzwWQRVWu2Hmu
INFO:__main__:Broadcasting to 1 clients in room QIZmiOcQzwWQRVWu2Hmu
INFO:__main__:Broadcasting to 1 clients in room QIZmiOcQzwWQRVWu2Hmu
INFO:__main__:Broadcasting to 1 clients in room QIZmiOcQzwWQRVWu2Hmu
INFO:__main__:Broadcasting to 1 clients in room QIZmiOcQzwWQRVWu2Hmu
INFO:__main__:Broadcasting to 1 clients in room QIZmiOcQzwWQRVWu2Hmu
INFO:__main__:Broadcasting to 1 clients in room QIZmiOcQzwWQRVWu2Hmu
INFO:__main__:Broadcasting to 1 clients in room QIZmiOcQzwWQRVWu2Hmu
INFO:__main__:Broadcasting to 1 clients in room QIZmiOcQzwWQRVWu2Hmu
INFO:__main__:Broadcasting to 1 clients in room QIZmiOcQzwWQRVWu2Hmu
INFO:__main__:Broadcasting to 1 clients in room QIZmiOcQzwWQRVWu2Hmu
