INFO:__main__:Starting Voice Stream WebSocket server on 0.0.0.0:8768
INFO:redis_client:Redis connected: localhost:6379
INFO:websockets.server:server listening on 0.0.0.0:8768
INFO:__main__:Subscribed to Redis pattern: room:*:voice-chunk
INFO:websockets.server:connection open
INFO:__main__:Client disconnected from room None
INFO:websockets.server:connection closed
INFO:websockets.server:connection open
INFO:__main__:Client joined room QIZmiOcQzwWQRVWu2Hmu. Total: 1
INFO:__main__:Received voice chunk 1/1 for session 6757e6c1...
INFO:__main__:Broadcasting voice chunk to 1 clients in room QIZmiOcQzwWQRVWu2Hmu
INFO:__main__:Received voice chunk 1/1 for session e12f99d8...
INFO:__main__:Broadcasting voice chunk to 1 clients in room QIZmiOcQzwWQRVWu2Hmu
INFO:__main__:Received voice chunk 1/1 for session 66503628...
INFO:__main__:Broadcasting voice chunk to 1 clients in room QIZmiOcQzwWQRVWu2Hmu
INFO:__main__:Received voice chunk 1/1 for session 78f43870...
INFO:__main__:Broadcasting voice chunk to 1 clients in room QIZmiOcQzwWQRVWu2Hmu
INFO:__main__:Received voice chunk 1/1 for session d115c353...
INFO:__main__:Broadcasting voice chunk to 1 clients in room QIZmiOcQzwWQRVWu2Hmu
INFO:__main__:Received voice chunk 1/1 for session 9fc16a07...
INFO:__main__:Broadcasting voice chunk to 1 clients in room QIZmiOcQzwWQRVWu2Hmu
INFO:__main__:Received voice chunk 1/1 for session 644f6e2e...
INFO:__main__:Broadcasting voice chunk to 1 clients in room QIZmiOcQzwWQRVWu2Hmu
INFO:__main__:Received voice chunk 1/1 for session 5e0dd05a...
INFO:__main__:Broadcasting voice chunk to 1 clients in room QIZmiOcQzwWQRVWu2Hmu
INFO:__main__:Received voice chunk 1/1 for session 9434d053...
INFO:__main__:Broadcasting voice chunk to 1 clients in room QIZmiOcQzwWQRVWu2Hmu
INFO:__main__:Received voice chunk 1/1 for session 2a44a7c0...
INFO:__main__:Broadcasting voice chunk to 1 clients in room QIZmiOcQzwWQRVWu2Hmu
INFO:__main__:Received voice chunk 1/1 for session 9200d7d9...
INFO:__main__:Broadcasting voice chunk to 1 clients in room QIZmiOcQzwWQRVWu2Hmu
INFO:__main__:Received voice chunk 1/1 for session 3728f902...
INFO:__main__:Broadcasting voice chunk to 1 clients in room QIZmiOcQzwWQRVWu2Hmu
INFO:__main__:Received voice chunk 1/1 for session da969b24...
INFO:__main__:Broadcasting voice chunk to 1 clients in room QIZmiOcQzwWQRVWu2Hmu
INFO:__main__:Received voice chunk 1/1 for session 9350a49c...
INFO:__main__:Broadcasting voice chunk to 1 clients in room QIZmiOcQzwWQRVWu2Hmu
INFO:__main__:Received voice chunk 1/1 for session 673170f5...
INFO:__main__:Broadcasting voice chunk to 1 clients in room QIZmiOcQzwWQRVWu2Hmu
INFO:__main__:Received voice chunk 1/1 for session 6702eceb...
INFO:__main__:Broadcasting voice chunk to 1 clients in room QIZmiOcQzwWQRVWu2Hmu
INFO:__main__:Client removed from room QIZmiOcQzwWQRVWu2Hmu
INFO:websockets.server:connection closed
INFO:websockets.server:connection open
INFO:__main__:Client joined room QIZmiOcQzwWQRVWu2Hmu. Total: 1
INFO:__main__:Received voice chunk 1/1 for session 65e9b6ea...
INFO:__main__:Broadcasting voice chunk to 1 clients in room QIZmiOcQzwWQRVWu2Hmu
INFO:__main__:Received voice chunk 1/1 for session 98581829...
INFO:__main__:Broadcasting voice chunk to 1 clients in room QIZmiOcQzwWQRVWu2Hmu
INFO:__main__:Received voice chunk 1/1 for session eaa2a8a7...
INFO:__main__:Broadcasting voice chunk to 1 clients in room QIZmiOcQzwWQRVWu2Hmu
INFO:__main__:Received voice chunk 1/1 for session 7f262831...
INFO:__main__:Broadcasting voice chunk to 1 clients in room QIZmiOcQzwWQRVWu2Hmu
INFO:__main__:Received voice chunk 1/1 for session 0f02064e...
INFO:__main__:Broadcasting voice chunk to 1 clients in room QIZmiOcQzwWQRVWu2Hmu
INFO:__main__:Received voice chunk 1/1 for session 896e8e69...
INFO:__main__:Broadcasting voice chunk to 1 clients in room QIZmiOcQzwWQRVWu2Hmu
INFO:__main__:Received voice chunk 1/1 for session c99e4756...
INFO:__main__:Broadcasting voice chunk to 1 clients in room QIZmiOcQzwWQRVWu2Hmu
INFO:__main__:Received voice chunk 1/1 for session b83dfb76...
INFO:__main__:Broadcasting voice chunk to 1 clients in room QIZmiOcQzwWQRVWu2Hmu
INFO:__main__:Received voice chunk 1/1 for session f40a0597...
INFO:__main__:Broadcasting voice chunk to 1 clients in room QIZmiOcQzwWQRVWu2Hmu
INFO:__main__:Received voice chunk 1/1 for session 1912eb17...
INFO:__main__:Broadcasting voice chunk to 1 clients in room QIZmiOcQzwWQRVWu2Hmu
INFO:__main__:Received voice chunk 1/1 for session 23c15ba8...
INFO:__main__:Broadcasting voice chunk to 1 clients in room QIZmiOcQzwWQRVWu2Hmu
INFO:__main__:Received voice chunk 1/1 for session 1cf89bfc...
INFO:__main__:Broadcasting voice chunk to 1 clients in room QIZmiOcQzwWQRVWu2Hmu
INFO:__main__:Received voice chunk 1/1 for session b41b130c...
INFO:__main__:Broadcasting voice chunk to 1 clients in room QIZmiOcQzwWQRVWu2Hmu
INFO:__main__:Received voice chunk 1/1 for session 3ee7fcff...
INFO:__main__:Broadcasting voice chunk to 1 clients in room QIZmiOcQzwWQRVWu2Hmu
INFO:__main__:Received voice chunk 1/1 for session 55d9c33c...
INFO:__main__:Broadcasting voice chunk to 1 clients in room QIZmiOcQzwWQRVWu2Hmu
INFO:__main__:Received voice chunk 1/1 for session 5808eb2b...
INFO:__main__:Broadcasting voice chunk to 1 clients in room QIZmiOcQzwWQRVWu2Hmu
INFO:__main__:Received voice chunk 1/1 for session 7dded74d...
INFO:__main__:Broadcasting voice chunk to 1 clients in room QIZmiOcQzwWQRVWu2Hmu
INFO:__main__:Received voice chunk 1/1 for session 37ab641a...
INFO:__main__:Broadcasting voice chunk to 1 clients in room QIZmiOcQzwWQRVWu2Hmu
INFO:__main__:Received voice chunk 1/1 for session df26c664...
INFO:__main__:Broadcasting voice chunk to 1 clients in room QIZmiOcQzwWQRVWu2Hmu
INFO:__main__:Received voice chunk 1/1 for session 6426ba76...
INFO:__main__:Broadcasting voice chunk to 1 clients in room QIZmiOcQzwWQRVWu2Hmu
INFO:__main__:Received voice chunk 1/1 for session 70f8daa1...
INFO:__main__:Broadcasting voice chunk to 1 clients in room QIZmiOcQzwWQRVWu2Hmu
INFO:__main__:Received voice chunk 1/1 for session f1189143...
INFO:__main__:Broadcasting voice chunk to 1 clients in room QIZmiOcQzwWQRVWu2Hmu
INFO:__main__:Received voice chunk 1/1 for session 77371398...
INFO:__main__:Broadcasting voice chunk to 1 clients in room QIZmiOcQzwWQRVWu2Hmu
INFO:__main__:Received voice chunk 1/1 for session 447f35ef...
INFO:__main__:Broadcasting voice chunk to 1 clients in room QIZmiOcQzwWQRVWu2Hmu
